Archive member included to satisfy reference by file (symbol)

lib/libhw.a(gfx.o)            obj/test.o (gfx_init)
lib/libhw.a(io.o)             obj/test.o (uart_init)
lib/libhw.a(term.o)           obj/test.o (term_draw_str)

Merging program properties


Discarded input sections

 .comment       0x0000000000000000       0x47 obj/test.o
 .comment       0x0000000000000000       0x47 lib/libhw.a(gfx.o)
 .comment       0x0000000000000000       0x47 lib/libhw.a(io.o)
 .comment       0x0000000000000000       0x47 lib/libhw.a(term.o)
 .note.gnu.property
                0x0000000000000000        0x0 lib/libhw.a(term.o)

Memory Configuration

Name             Origin             Length             Attributes
*default*        0x0000000000000000 0xffffffffffffffff

Linker script and memory map

                0x0000000000080000                . = 0x80000

.text           0x0000000000080000      0xc24
 *(.text.boot)
 .text.boot     0x0000000000080000       0x50 obj/boot.o
                0x0000000000080000                _start
 *(.text .text.* .gnu.linkonce.t*)
 .text          0x0000000000080050       0x58 obj/test.o
                0x0000000000080050                kernel_main
 .text          0x00000000000800a8        0x0 obj/boot.o
 .text          0x00000000000800a8      0x4a4 lib/libhw.a(gfx.o)
                0x00000000000800f4                mbox_call
                0x0000000000080198                gfx_init
                0x00000000000803d4                gfx_draw_pixel
                0x0000000000080440                gfx_draw_line
 .text          0x000000000008054c      0x3e4 lib/libhw.a(io.o)
                0x0000000000080598                gpio_call
                0x00000000000806a0                gpio_set
                0x00000000000806d4                gpio_clear
                0x0000000000080708                gpio_pull
                0x000000000008073c                gpio_function
                0x000000000008076c                gpio_use_as_alt5
                0x000000000008079c                uart_init
                0x0000000000080860                uart_putc
                0x00000000000808a8                uart_getc
                0x00000000000808e4                uart_print
 .text          0x0000000000080930      0x2f4 lib/libhw.a(term.o)
                0x0000000000080930                get_font_glyph
                0x00000000000809bc                term_draw_char
                0x0000000000080b7c                term_draw_str

.iplt           0x0000000000080c24        0x0
 .iplt          0x0000000000080c24        0x0 obj/test.o

.rodata         0x0000000000080c28    0x15320
 *(.rodata .rodata.* .gnu.linkonce.r*)
 .rodata        0x0000000000080c28       0x26 obj/test.o
 *fill*         0x0000000000080c4e        0x2 
 .rodata        0x0000000000080c50       0x26 lib/libhw.a(gfx.o)
 *fill*         0x0000000000080c76        0x2 
 .rodata        0x0000000000080c78    0x152d0 lib/libhw.a(term.o)
                0x0000000000080c78                font_glyphs
                [!provide]                        PROVIDE (_data = .)

.rela.dyn       0x0000000000095f48        0x0
 .rela.iplt     0x0000000000095f48        0x0 obj/test.o
 .rela.text.boot
                0x0000000000095f48        0x0 obj/test.o

.data           0x0000000000095f48        0x0
 *(.data .data.* .gnu.linkonce.d*)
 .data          0x0000000000095f48        0x0 obj/test.o
 .data          0x0000000000095f48        0x0 obj/boot.o
 .data          0x0000000000095f48        0x0 lib/libhw.a(gfx.o)
 .data          0x0000000000095f48        0x0 lib/libhw.a(io.o)
 .data          0x0000000000095f48        0x0 lib/libhw.a(term.o)

.igot.plt       0x0000000000095f48        0x0
 .igot.plt      0x0000000000095f48        0x0 obj/test.o

.bss            0x0000000000095f50       0xa8
                0x0000000000095f50                . = ALIGN (0x10)
                0x0000000000095f50                __bss_start = .
 *(.bss .bss.*)
 .bss           0x0000000000095f50        0x0 obj/test.o
 .bss           0x0000000000095f50        0x0 obj/boot.o
 .bss           0x0000000000095f50       0xa8 lib/libhw.a(gfx.o)
                0x0000000000095f50                mbox
                0x0000000000095fe0                width
                0x0000000000095fe4                height
                0x0000000000095fe8                pitch
                0x0000000000095ff0                FB
 .bss           0x0000000000095ff8        0x0 lib/libhw.a(io.o)
 .bss           0x0000000000095ff8        0x0 lib/libhw.a(term.o)
 *(COMMON)
                0x0000000000095ff8                __bss_end = .
                0x0000000000095ff8                _end = .

/DISCARD/
 *(.comment)
 *(.gnu*)
 *(.note*)
 *(.eh_frame*)
                0x0000000000000015                __bss_size = ((__bss_end - __bss_start) >> 0x3)
LOAD obj/test.o
LOAD obj/boot.o
LOAD lib/libhw.a
OUTPUT(test.elf elf64-littleaarch64)
LOAD linker stubs
